============================= test session starts ==============================
platform linux -- Python 3.8.10, pytest-6.2.5, py-1.10.0, pluggy-1.0.0
rootdir: /home/kyleh/jenkinsfizzbuzz
collected 13 items

test_fizzbuzz.py ......                                                  [ 46%]
test_fizzbuzz2.py .......                                                [100%]

============================== 13 passed in 0.03s ==============================
